alexey@alexey-desktop-22:~/otus/ansible$ ansible-playbook playbooks/install.yml

PLAY [wp_app] ********************************************************************************************************************************************************************************************************************************

TASK [Gathering Facts] ***********************************************************************************************************************************************************************************************************************
ok: [app]
ok: [app2]

TASK [Update apt-get repo and cache] *********************************************************************************************************************************************************************************************************
changed: [app2]
changed: [app]

TASK [install dependencies] ******************************************************************************************************************************************************************************************************************
changed: [app2]
changed: [app]

PLAY RECAP ***********************************************************************************************************************************************************************************************************************************
app                        : ok=3    changed=2    unreachable=0    failed=0    skipped=0    rescued=0    ignored=0   
app2                       : ok=3    changed=2    unreachable=0    failed=0    skipped=0    rescued=0    ignored=0


----------------------------------------------

alexey@alexey-desktop-22:~/otus/ansible$ ansible-playbook playbooks/install.yml

PLAY [wp_app] ********************************************************************************************************************************************************************************************************************************

TASK [Gathering Facts] ***********************************************************************************************************************************************************************************************************************
ok: [app]
ok: [app2]

TASK [Update apt-get repo and cache] *********************************************************************************************************************************************************************************************************
ok: [app2]
ok: [app]

TASK [install dependencies] ******************************************************************************************************************************************************************************************************************
ok: [app]
ok: [app2]

TASK [Create the installation directory] *****************************************************************************************************************************************************************************************************
changed: [app]
changed: [app2]

TASK [Install WordPress] *********************************************************************************************************************************************************************************************************************
changed: [app]
changed: [app2]

PLAY RECAP ***********************************************************************************************************************************************************************************************************************************
app                        : ok=5    changed=2    unreachable=0    failed=0    skipped=0    rescued=0    ignored=0   
app2                       : ok=5    changed=2    unreachable=0    failed=0    skipped=0    rescued=0    ignored=0


----------------------------------------------

alexey@alexey-desktop-22:~/otus/ansible$ ansible-playbook playbooks/install.yml

PLAY [wp_app] ********************************************************************************************************************************************************************************************************************************

TASK [Gathering Facts] ***********************************************************************************************************************************************************************************************************************
ok: [app2]
ok: [app]

TASK [Update apt-get repo and cache] *********************************************************************************************************************************************************************************************************
ok: [app2]
ok: [app]

TASK [install dependencies] ******************************************************************************************************************************************************************************************************************
ok: [app2]
ok: [app]

TASK [Create the installation directory] *****************************************************************************************************************************************************************************************************
ok: [app2]
ok: [app]

TASK [Install WordPress] *********************************************************************************************************************************************************************************************************************
ok: [app2]
ok: [app]

TASK [Copy file with owner and permissions] **************************************************************************************************************************************************************************************************
changed: [app]
changed: [app2]

PLAY RECAP ***********************************************************************************************************************************************************************************************************************************
app                        : ok=6    changed=1    unreachable=0    failed=0    skipped=0    rescued=0    ignored=0   
app2                       : ok=6    changed=1    unreachable=0    failed=0    skipped=0    rescued=0    ignored=0


-----------------------------------

alexey@alexey-desktop-22:~/otus/ansible$ ansible-playbook playbooks/install.yml

PLAY [wp_app] ********************************************************************************************************************************************************************************************************************************

TASK [Gathering Facts] ***********************************************************************************************************************************************************************************************************************
ok: [app2]
ok: [app]

TASK [Update apt-get repo and cache] *********************************************************************************************************************************************************************************************************
ok: [app2]
ok: [app]

TASK [install dependencies] ******************************************************************************************************************************************************************************************************************
ok: [app2]
ok: [app]

TASK [Create the installation directory] *****************************************************************************************************************************************************************************************************
ok: [app2]
ok: [app]

TASK [Install WordPress] *********************************************************************************************************************************************************************************************************************
ok: [app2]
ok: [app]

TASK [Copy file with owner and permissions] **************************************************************************************************************************************************************************************************
ok: [app2]
ok: [app]

TASK [Enable URL rewriting] ******************************************************************************************************************************************************************************************************************
changed: [app2]
changed: [app]

TASK [Enable the site] ***********************************************************************************************************************************************************************************************************************
changed: [app2]
changed: [app]

TASK [Disable the default “It Works” site] ***************************************************************************************************************************************************************************************************
changed: [app2]
changed: [app]

TASK [Reload service apache2] ****************************************************************************************************************************************************************************************************************
changed: [app2]
changed: [app]

PLAY RECAP ***********************************************************************************************************************************************************************************************************************************
app                        : ok=10   changed=4    unreachable=0    failed=0    skipped=0    rescued=0    ignored=0   
app2                       : ok=10   changed=4    unreachable=0    failed=0    skipped=0    rescued=0    ignored=0




-----------------------------------



alexey@alexey-desktop-22:~/otus/ansible$ ansible-playbook playbooks/install.yml

PLAY [wp_app] ********************************************************************************************************************************************************************************************************************************

TASK [Gathering Facts] ***********************************************************************************************************************************************************************************************************************
ok: [app]
ok: [app2]

TASK [Update apt-get repo and cache] *********************************************************************************************************************************************************************************************************
ok: [app]
ok: [app2]

TASK [install dependencies] ******************************************************************************************************************************************************************************************************************
ok: [app]
ok: [app2]

TASK [Create the installation directory] *****************************************************************************************************************************************************************************************************
ok: [app]
ok: [app2]

TASK [Install WordPress] *********************************************************************************************************************************************************************************************************************
ok: [app]
ok: [app2]

TASK [Copy file with owner and permissions] **************************************************************************************************************************************************************************************************
ok: [app]
ok: [app2]

TASK [Enable URL rewriting] ******************************************************************************************************************************************************************************************************************
ok: [app]
ok: [app2]

TASK [Enable the site] ***********************************************************************************************************************************************************************************************************************
changed: [app]
changed: [app2]

TASK [Disable the default “It Works” site] ***************************************************************************************************************************************************************************************************
changed: [app]
changed: [app2]

TASK [Reload service apache2] ****************************************************************************************************************************************************************************************************************
changed: [app]
changed: [app2]

TASK [Install mysql cert] ********************************************************************************************************************************************************************************************************************
changed: [app]
changed: [app2]

TASK [Update cert index] *********************************************************************************************************************************************************************************************************************
changed: [app]
changed: [app2]

TASK [Configure WordPress] *******************************************************************************************************************************************************************************************************************
changed: [app]
changed: [app2]

PLAY RECAP ***********************************************************************************************************************************************************************************************************************************
app                        : ok=13   changed=6    unreachable=0    failed=0    skipped=0    rescued=0    ignored=0   
app2                       : ok=13   changed=6    unreachable=0    failed=0    skipped=0    rescued=0    ignored=0
